ToGraph(): this = 0x567010

 Input file name: rpt/cmos_inverter_ext.sp
Output file name: rpt/cmos_inverter_ext.sp.gph

->Start parsing the netlist ... 

->Finished parsing the netlist.
total symbol number : 19
VIN 1 0
RB 1 2
RD_1 3 4
RS_1 0 5
CAPBD_1 4 0
GM_1 4 5
RDS_1 4 5
CGS_1 2 5
CGD_1 2 4
RD_2 3 6
RS_2 0 7
CAPBD_2 6 0
GM_2 6 7
RDS_2 6 7
CGS_2 2 7
CGD_2 2 6
R2 1 2
CAPBS_1 5 0
CAPBS_2 7 0
mytpdd1 done.
~ToGraph(): this = 0x567010
-> Start Spanning the Tree Pair Decision Diagram ... ... ... ... ... ...

spanning times: 0
MintySpan()

Garbage collecting ... ...
-> Finish Spanning the Tree Pair Decision Diagram ... ... ... ... ... ...


--> Begin GRDD Splitting ... ...

<-- End GRDD Splitting ... ...

--> Begin GRDD S-expanding ... ...

<-- End GRDD  S-expanding ... ...
Custom quit + gtk_main_quit
minus : 0
plus  : 0
===============================================
Number of tpddnodes:233
Term Numbers  : 752
===============================================
Term Numbers  : 7.520000e+02
spanning times: 466
Number of Subtree nodes : 296
SubTree Sharing Times: 326
Tpdd Nodes Sharing Times: 78
Number of reduced TPDD nodes: 52
Number of tpddnodes after Reduce:183
Number of scoefficient nodes: 759
Number of sexpandTpdd nodes : 181
Start to destruct the TPDD object:
Complete to destruct the TPDD object.
GRASS Exit normally.
