tpdd.cpp:111://	pOne->sCoeffList		= new vector<scoeffNode*>;
tpdd.cpp:113://	pOne->sCoeffList->push_back(pSCoeffOne);
tpdd.cpp:116://	pZero->sCoeffList		= new vector<scoeffNode*>;
tpdd.cpp:3650:		if(!pCurNode->GetPShort()->sCoeffList)
tpdd.cpp:3654:		else if(!pCurNode->GetPOpen()->sCoeffList)
tpdd.cpp:3672://	vector<scoeffNode*> *pCoeff		= pTpddRoot->GetPShort()->sCoeffList;
tpdd.cpp:3677://	pCoeff							= pTpddRoot->GetPShort()->sCoeffList;
tpdd.cpp:3680:	vector<scoeffNode*> *pCoeff		= pExpTpddRoot->pShort->sCoeffList;
tpdd.cpp:3695:	pCoeff				= pExpTpddRoot->pOpen->sCoeffList;
tpdd.cpp:4029:	pSExpOne->sCoeffList		= new vector<scoeffNode*>;
tpdd.cpp:4031:	pSExpOne->sCoeffList->push_back(pSCoeffOne);
tpdd.cpp:4034:	pSExpZero->sCoeffList		= new vector<scoeffNode*>;
tpdd.cpp:4036:	pSExpZero->sCoeffList->push_back(pSCoeffZero);
tpdd.cpp:4048:		if(!pCurNode->pShort->sCoeffList)
tpdd.cpp:4052:		else if(!pCurNode->pOpen->sCoeffList)
tpdd.cpp:4066:	vector<scoeffNode*> *pCoeffShort	= p->pShort->sCoeffList;
tpdd.cpp:4067:	vector<scoeffNode*> *pCoeffOpen		= p->pOpen->sCoeffList;
tpdd.cpp:4072:	p->sCoeffList						= new vector<scoeffNode*>;
tpdd.cpp:4110:							p->sCoeffList->push_back(pSharescoeffNode);
tpdd.cpp:4122:							p->sCoeffList->push_back(pSharescoeffNode);
tpdd.cpp:4134:							p->sCoeffList->push_back(pSharescoeffNode);
tpdd.cpp:4148:						p->sCoeffList->push_back(pSharescoeffNode);
tpdd.cpp:4160:						p->sCoeffList->push_back(pSharescoeffNode);
tpdd.cpp:4179:							p->sCoeffList->push_back(pSharescoeffNode);
tpdd.cpp:4191:							p->sCoeffList->push_back(pSharescoeffNode);
tpdd.cpp:4203:							p->sCoeffList->push_back(pSharescoeffNode);
tpdd.cpp:4217:						p->sCoeffList->push_back(pSharescoeffNode);
tpdd.cpp:4229:						p->sCoeffList->push_back(pSharescoeffNode);
tpdd.cpp:4249:							p->sCoeffList->push_back(pSharescoeffNode);
tpdd.cpp:4261:							p->sCoeffList->push_back(pSharescoeffNode);
tpdd.cpp:4273:							p->sCoeffList->push_back(pSharescoeffNode);
tpdd.cpp:4287:						p->sCoeffList->push_back(pSharescoeffNode);
tpdd.cpp:4299:						p->sCoeffList->push_back(pSharescoeffNode);
tpdd.cpp:4355:	for(unsigned i = 0; i < pExpTpddRoot->pShort->sCoeffList->size(); i ++)
tpdd.cpp:4357:		calcScoeffTermNR((*(pExpTpddRoot->pShort->sCoeffList))[i]);
tpdd.cpp:4360:	for(unsigned i = 0; i < pExpTpddRoot->pOpen->sCoeffList->size(); i ++)
tpdd.cpp:4362:		calcScoeffTermNR((*(pExpTpddRoot->pOpen->sCoeffList))[i]);
